val f1 = fn : ['a,'b,'c#{n1:int, n2:'b, n3:'b, n4:'a}.'c -> 'b]
val v11 = 2 : int
val v12 = 3 : int
val f2 = fn : ['a,'b,'c#{n1:int, n2:'a, n3:'b}.'c -> 'a]
val v21 = 2 : int
val v22 = 3 : int
val f3 = fn : ['a,'b#{n1:int, n2:'a, n3:'a}.'b -> 'a]
val v31 = 2 : int
val v32 = 3 : int
