signature S31 = sig datatype s con D : real -> s type t sharing type s = t end
structure S31 : S31
