signature SDatatype = sig structure S : sig datatype dt con D : dt end end
structure SDatatypeTrans : SDatatype

