val until = fn : ['a,'b.('a -> bool) -> 'a list -> 'b list]
../tests/bugs/tests/issue24.1.sml:3.1-3.24 Warning: dummy type variable(s) X0
                                                    are introduced due to value
                                                    restriction
val it = [] : X0 list

