val x = [fn,fn] : ['a,'b#{a:'a, b:'a}.('b -> 'a) list]


