signature SIG = sig datatype t con D : t  end
structure STR : SIG
datatype t = datatype STR.t
val f = fn : t -> bool
val x = true : bool
