signature S1 = sig datatype 'a dt con D : ['a .'a -> 'a dt] end
../tests/module/tests/datatypeSpecMatching0003.sml:21.11-21.61 Error: Signature
                                                                      mismatch
                                                                      (instance): D :
                                                                      
                                                                      structure: ['a
                                                                                 .
                                                                                   int
                                                                                   ->
                                                                                     'a
                                                                                     S1Trans.dt]
                                                                      spec: ['a
                                                                            .
                                                                              'a
                                                                              ->
                                                                                'a
                                                                                S1Trans.dt]

../tests/module/tests/datatypeSpecMatching0003.sml:22.11-22.63 Error: Signature
                                                                      mismatch
                                                                      (instance): D :
                                                                      
                                                                      structure: ['a
                                                                                 .
                                                                                   int
                                                                                   ->
                                                                                     'a
                                                                                     S1Opaque.dt]
                                                                      spec: ['a
                                                                            .
                                                                              'a
                                                                              ->
                                                                                'a
                                                                                S1Opaque.dt]

signature S2 = sig datatype 'a dt con D : ['a .int -> 'a dt] end
../tests/module/tests/datatypeSpecMatching0003.sml:25.11-25.60 Error: Signature
                                                                      mismatch
                                                                      (instance): D :
                                                                      
                                                                      structure: ['a
                                                                                 .
                                                                                   'a
                                                                                   ->
                                                                                     'a
                                                                                     S2Trans.dt]
                                                                      spec: ['a
                                                                            .
                                                                              int
                                                                              ->
                                                                                'a
                                                                                S2Trans.dt]

../tests/module/tests/datatypeSpecMatching0003.sml:26.11-26.62 Error: Signature
                                                                      mismatch
                                                                      (instance): D :
                                                                      
                                                                      structure: ['a
                                                                                 .
                                                                                   'a
                                                                                   ->
                                                                                     'a
                                                                                     S2Opaque.dt]
                                                                      spec: ['a
                                                                            .
                                                                              int
                                                                              ->
                                                                                'a
                                                                                S2Opaque.dt]
