signature S11 = sig eqtype 'a t end
signature S21 = sig eqtype ('a, 'b) t end
signature S31 = sig eqtype ('a, 'b, 'c) t end
signature S32 = sig eqtype ('a, 'b, 'c) t eqtype ('a, 'b, 'c) s end
