signature S11 = sig exception e1 : exn end
signature S12 = sig exception e2 : exn exception e1 : exn end
signature S21 = sig exception e2 : exn exception e1 : exn end
signature S22 =
sig
  exception e2 : exn
  exception e1 : exn
  exception f1 : exn
  exception f2 : exn
end


