signature SStructure = sig structure T : sig datatype dt con D : dt end end
structure PStructure : sig structure T : sig datatype dt con D : dt end end
functor FStructure ('X :
sig structure T : sig datatype dt con D : dt end end) :
sig structure T : sig datatype dt con D : dt end end
structure TStructure
: sig structure T : sig datatype dt con D : PStructure.T.dt end end
structure SStructure : sig datatype dt con D : PStructure.T.dt end
val xStructure = D : PStructure.T.dt
functor FStructureTrans ('X :
sig structure T : sig datatype dt con D : dt end end) :
SStructure
structure TStructureTrans
: sig structure T : sig datatype dt con D : PStructure.T.dt end end
structure SStructureTrans : sig datatype dt con D : PStructure.T.dt end
val xStructureTrans = D : PStructure.T.dt
functor FStructureOpaq ('X :
sig structure T : sig datatype dt con D : dt end end) :
SStructure
structure TStructureOpaq : sig structure T : sig datatype dt con D : dt end end
structure SStructureOpaq : sig datatype dt con D : dt end
val xStructureOpaq = D : TStructureOpaq.T.dt
