signature SA = sig type t val x : t end
signature SB = sig datatype dt con D : dt val y : dt end
signature S = sig include SA include SB val z : t * dt end

