signature S11 = sig structure S : sig structure S : sig end end end
signature S12 =
sig
  structure S :
sig type t datatype dt con D : dt structure S : sig val x : t val y : dt end end
end
signature S13 =
sig
  structure S :
sig structure S : sig type t datatype dt con D : dt end val x : S.t val y : S.dt end
end
signature S14 =
sig
  structure S :
  sig
    datatype dt1
    con D : dt1
    type t1
    structure S : sig type t datatype dt con D : dt1 * t1 -> dt end
    val x : S.t
    val y : S.dt
  end
end
