datatype dt
con D : dt
datatype t
con E : t
signature S = sig type t datatype dt con F : dt end where type t = dt
