- stdIn:13.5-13.12 Error: non-constructor applied to argument in pattern
- 
