val it = "0.000000000000" : string
val it = "0.000000000000" : string
val it = "0.100000000000" : string
val it = "~0.100000000000" : string
val it = "10.00000000000" : string
val it = "~10.00000000000" : string
val it = "10.01000000000" : string
val it = "~10.01000000000" : string
