datatype 'a d
con A : ['a .'a  -> 'a d]
con B : ['a .int d  -> 'a d]
val x = B (A 1) : ['a .'a d]
val x = B (A 1) : real d
