signature P = sigdatatype t con D : t end
signature Q = sigtype t val f : t end
signature S = sigstructure P : P structure Q : Q sharing type P.t = Q.t end
functor F (S : S) : Q
