../tests/bugs/tests/issue219.1.sml:1.9-1.13 Error: operator and operand don't
                                                   agree
                                                   operator domain: int
                                                   operand: word

