- stdIn:13.9-13.23 Error: int constant too large
- 
